// Jest Snapshot v1, https://goo.gl/fbAQLP

exports[`ButtonComponent > DOM Snapshot Button with text 1`] = `
<storybook-dynamic-app-root
  cfr={[Function CodegenComponentFactoryResolver]}
  data={[Function Object]}
  target={[Function ViewContainerRef_]}
>
  <poc-button>
    <button
      class="bc-red-light m-t-vvl"
    >
       Hello Button
  
    </button>
  </poc-button>
</storybook-dynamic-app-root>
`;
